// Jest Snapshot v1, https://goo.gl/fbAQLP

exports[`<launchYears /> testing the filters 1`] = `
<LaunchYear
  launchFilters={
    Array [
      2006,
      2007,
      2008,
      2009,
      2010,
      2011,
      2012,
      2013,
      2014,
      2015,
      2016,
      2017,
      2018,
      2019,
      2020,
    ]
  }
>
  <div
    className="launch-sec"
  >
    <div>
      <u>
        Launch Year
      </u>
    </div>
    <button
      className="btn btn-success text-dark launch-btn active-btn"
      onClick={[Function]}
      type="button"
    >
      2006
    </button>
    <button
      className="btn btn-success text-dark launch-btn active-btn"
      onClick={[Function]}
      type="button"
    >
      2007
    </button>
    <button
      className="btn btn-success text-dark launch-btn active-btn"
      onClick={[Function]}
      type="button"
    >
      2008
    </button>
    <button
      className="btn btn-success text-dark launch-btn active-btn"
      onClick={[Function]}
      type="button"
    >
      2009
    </button>
    <button
      className="btn btn-success text-dark launch-btn active-btn"
      onClick={[Function]}
      type="button"
    >
      2010
    </button>
    <button
      className="btn btn-success text-dark launch-btn active-btn"
      onClick={[Function]}
      type="button"
    >
      2011
    </button>
    <button
      className="btn btn-success text-dark launch-btn active-btn"
      onClick={[Function]}
      type="button"
    >
      2012
    </button>
    <button
      className="btn btn-success text-dark launch-btn active-btn"
      onClick={[Function]}
      type="button"
    >
      2013
    </button>
    <button
      className="btn btn-success text-dark launch-btn active-btn"
      onClick={[Function]}
      type="button"
    >
      2014
    </button>
    <button
      className="btn btn-success text-dark launch-btn active-btn"
      onClick={[Function]}
      type="button"
    >
      2015
    </button>
    <button
      className="btn btn-success text-dark launch-btn active-btn"
      onClick={[Function]}
      type="button"
    >
      2016
    </button>
    <button
      className="btn btn-success text-dark launch-btn active-btn"
      onClick={[Function]}
      type="button"
    >
      2017
    </button>
    <button
      className="btn btn-success text-dark launch-btn active-btn"
      onClick={[Function]}
      type="button"
    >
      2018
    </button>
    <button
      className="btn btn-success text-dark launch-btn active-btn"
      onClick={[Function]}
      type="button"
    >
      2019
    </button>
    <button
      className="btn btn-success text-dark launch-btn active-btn"
      onClick={[Function]}
      type="button"
    >
      2020
    </button>
  </div>
</LaunchYear>
`;
