// Jest Snapshot v1, https://goo.gl/fbAQLP

exports[`testing the filters 1`] = `
<aside
  className="card launch-card mt-20"
>
  <h5
    className="text-left"
  >
    Filters
  </h5>
  <LaunchYear
    launchFilters={
      Array [
        2006,
        2007,
        2008,
        2009,
        2010,
        2011,
        2012,
        2013,
        2014,
        2015,
        2016,
        2017,
        2018,
        2019,
        2020,
      ]
    }
  />
  <SuccessLaunch
    launchFilters={
      Array [
        "True",
        "False",
      ]
    }
  />
  <SuccessLaing
    launchFilters={
      Array [
        "True",
        "False",
      ]
    }
  />
</aside>
`;
